非标准起始文字
some text
<html>
	$if{yy}<input type="text">$end{if}
	<something>
	asdfasdf;<"&<,>&lt;&gt;

    <body>
        $if{users != null && users.size> 0}$for{xx}<table border="1">
            $for{user : users}<tr>
                <td>$out{for.index + 1}<span>1</span>$end{out}</td>
                <td>$out{user.name}<span>james</span>$end{out}</td>
                <td>$out{user.coins}<span>2.00</span>$end{out}</td>
            </tr>$end{for}
        </table>$end{if}$end{for}
    </body>
</html>
$if{xx}<tag>
	$if{yy}<tag/>$end{if}
</tag>$end{if}
some text
非标准结束
